// Jest Snapshot v1, https://goo.gl/fbAQLP

exports[`MyMap Component test cases renders map component 1`] = `
<div>
  <div
    class="mt-2 my-map"
  >
    <h5
      class="px-6 py-2 text-xl font-medium text-[#0D192D]"
    >
      Device Map
    </h5>
    <div
      class="leaflet-container leaflet-touch leaflet-grab leaflet-touch-drag leaflet-touch-zoom"
      style="height: 500px; width: 700px; position: relative;"
      tabindex="0"
    >
      <div
        class="leaflet-pane leaflet-map-pane"
        style="left: 0px; top: 0px;"
      >
        <div
          class="leaflet-pane leaflet-tile-pane"
        >
          <div
            class="leaflet-layer "
            style="z-index: 1;"
          >
            <div
              class="leaflet-tile-container leaflet-zoom-animated"
              style="z-index: 18; left: 0px; top: 0px;"
            >
              <img
                alt=""
                class="leaflet-tile"
                src="https://c.tile.openstreetmap.org/2/1/1.png"
                style="width: 256px; height: 256px; left: -256px; top: -150px;"
              />
              <img
                alt=""
                class="leaflet-tile"
                src="https://a.tile.openstreetmap.org/2/2/1.png"
                style="width: 256px; height: 256px; left: 0px; top: -150px;"
              />
            </div>
          </div>
        </div>
        <div
          class="leaflet-pane leaflet-overlay-pane"
        >
          <svg
            class="leaflet-zoom-animated"
            height="0"
            pointer-events="none"
            style="left: 0px; top: 0px;"
            viewBox="0 0 0 0"
            width="0"
          >
            <g>
              <path
                class="leaflet-interactive"
                d="M0 0"
                fill="#e2e2e2"
                fill-opacity="1"
                fill-rule="evenodd"
                stroke="white"
                stroke-linecap="round"
                stroke-linejoin="round"
                stroke-opacity="1"
                stroke-width="2"
              />
              <path
                class="leaflet-interactive"
                d="M0 0"
                fill="#e2e2e2"
                fill-opacity="1"
                fill-rule="evenodd"
                stroke="white"
                stroke-linecap="round"
                stroke-linejoin="round"
                stroke-opacity="1"
                stroke-width="2"
              />
              <path
                class="leaflet-interactive"
                d="M0 0"
                fill="#e2e2e2"
                fill-opacity="1"
                fill-rule="evenodd"
                stroke="white"
                stroke-linecap="round"
                stroke-linejoin="round"
                stroke-opacity="1"
                stroke-width="2"
              />
              <path
                class="leaflet-interactive"
                d="M0 0"
                fill="#e2e2e2"
                fill-opacity="1"
                fill-rule="evenodd"
                stroke="white"
                stroke-linecap="round"
                stroke-linejoin="round"
                stroke-opacity="1"
                stroke-width="2"
              />
              <path
                class="leaflet-interactive"
                d="M0 0"
                fill="#e2e2e2"
                fill-opacity="1"
                fill-rule="evenodd"
                stroke="white"
                stroke-linecap="round"
                stroke-linejoin="round"
                stroke-opacity="1"
                stroke-width="2"
              />
              <path
                class="leaflet-interactive"
                d="M0 0"
                fill="#e2e2e2"
                fill-opacity="1"
                fill-rule="evenodd"
                stroke="white"
                stroke-linecap="round"
                stroke-linejoin="round"
                stroke-opacity="1"
                stroke-width="2"
              />
              <path
                class="leaflet-interactive"
                d="M0 0"
                fill="#e2e2e2"
                fill-opacity="1"
                fill-rule="evenodd"
                stroke="white"
                stroke-linecap="round"
                stroke-linejoin="round"
                stroke-opacity="1"
                stroke-width="2"
              />
              <path
                class="leaflet-interactive"
                d="M0 0"
                fill="#e2e2e2"
                fill-opacity="1"
                fill-rule="evenodd"
                stroke="white"
                stroke-linecap="round"
                stroke-linejoin="round"
                stroke-opacity="1"
                stroke-width="2"
              />
              <path
                class="leaflet-interactive"
                d="M0 0"
                fill="#e2e2e2"
                fill-opacity="1"
                fill-rule="evenodd"
                stroke="white"
                stroke-linecap="round"
                stroke-linejoin="round"
                stroke-opacity="1"
                stroke-width="2"
              />
              <path
                class="leaflet-interactive"
                d="M0 0"
                fill="#f8bd7a"
                fill-opacity="1"
                fill-rule="evenodd"
                stroke="white"
                stroke-linecap="round"
                stroke-linejoin="round"
                stroke-opacity="1"
                stroke-width="2"
              />
              <path
                class="leaflet-interactive"
                d="M0 0"
                fill="#f8bd7a"
                fill-opacity="1"
                fill-rule="evenodd"
                stroke="white"
                stroke-linecap="round"
                stroke-linejoin="round"
                stroke-opacity="1"
                stroke-width="2"
              />
              <path
                class="leaflet-interactive"
                d="M0 0"
                fill="#e2e2e2"
                fill-opacity="1"
                fill-rule="evenodd"
                stroke="white"
                stroke-linecap="round"
                stroke-linejoin="round"
                stroke-opacity="1"
                stroke-width="2"
              />
              <path
                class="leaflet-interactive"
                d="M0 0"
                fill="#e2e2e2"
                fill-opacity="1"
                fill-rule="evenodd"
                stroke="white"
                stroke-linecap="round"
                stroke-linejoin="round"
                stroke-opacity="1"
                stroke-width="2"
              />
              <path
                class="leaflet-interactive"
                d="M0 0"
                fill="#e2e2e2"
                fill-opacity="1"
                fill-rule="evenodd"
                stroke="white"
                stroke-linecap="round"
                stroke-linejoin="round"
                stroke-opacity="1"
                stroke-width="2"
              />
              <path
                class="leaflet-interactive"
                d="M0 0"
                fill="#e2e2e2"
                fill-opacity="1"
                fill-rule="evenodd"
                stroke="white"
                stroke-linecap="round"
                stroke-linejoin="round"
                stroke-opacity="1"
                stroke-width="2"
              />
              <path
                class="leaflet-interactive"
                d="M0 0"
                fill="#e2e2e2"
                fill-opacity="1"
                fill-rule="evenodd"
                stroke="white"
                stroke-linecap="round"
                stroke-linejoin="round"
                stroke-opacity="1"
                stroke-width="2"
              />
              <path
                class="leaflet-interactive"
                d="M0 0"
                fill="#e2e2e2"
                fill-opacity="1"
                fill-rule="evenodd"
                stroke="white"
                stroke-linecap="round"
                stroke-linejoin="round"
                stroke-opacity="1"
                stroke-width="2"
              />
              <path
                class="leaflet-interactive"
                d="M0 0"
                fill="#e2e2e2"
                fill-opacity="1"
                fill-rule="evenodd"
                stroke="white"
                stroke-linecap="round"
                stroke-linejoin="round"
                stroke-opacity="1"
                stroke-width="2"
              />
              <path
                class="leaflet-interactive"
                d="M0 0"
                fill="#e2e2e2"
                fill-opacity="1"
                fill-rule="evenodd"
                stroke="white"
                stroke-linecap="round"
                stroke-linejoin="round"
                stroke-opacity="1"
                stroke-width="2"
              />
              <path
                class="leaflet-interactive"
                d="M0 0"
                fill="#e2e2e2"
                fill-opacity="1"
                fill-rule="evenodd"
                stroke="white"
                stroke-linecap="round"
                stroke-linejoin="round"
                stroke-opacity="1"
                stroke-width="2"
              />
              <path
                class="leaflet-interactive"
                d="M0 0"
                fill="#e2e2e2"
                fill-opacity="1"
                fill-rule="evenodd"
                stroke="white"
                stroke-linecap="round"
                stroke-linejoin="round"
                stroke-opacity="1"
                stroke-width="2"
              />
              <path
                class="leaflet-interactive"
                d="M0 0"
                fill="#e2e2e2"
                fill-opacity="1"
                fill-rule="evenodd"
                stroke="white"
                stroke-linecap="round"
                stroke-linejoin="round"
                stroke-opacity="1"
                stroke-width="2"
              />
              <path
                class="leaflet-interactive"
                d="M0 0"
                fill="#e2e2e2"
                fill-opacity="1"
                fill-rule="evenodd"
                stroke="white"
                stroke-linecap="round"
                stroke-linejoin="round"
                stroke-opacity="1"
                stroke-width="2"
              />
              <path
                class="leaflet-interactive"
                d="M0 0"
                fill="#e2e2e2"
                fill-opacity="1"
                fill-rule="evenodd"
                stroke="white"
                stroke-linecap="round"
                stroke-linejoin="round"
                stroke-opacity="1"
                stroke-width="2"
              />
              <path
                class="leaflet-interactive"
                d="M0 0"
                fill="#e2e2e2"
                fill-opacity="1"
                fill-rule="evenodd"
                stroke="white"
                stroke-linecap="round"
                stroke-linejoin="round"
                stroke-opacity="1"
                stroke-width="2"
              />
              <path
                class="leaflet-interactive"
                d="M0 0"
                fill="#e2e2e2"
                fill-opacity="1"
                fill-rule="evenodd"
                stroke="white"
                stroke-linecap="round"
                stroke-linejoin="round"
                stroke-opacity="1"
                stroke-width="2"
              />
              <path
                class="leaflet-interactive"
                d="M0 0"
                fill="#e2e2e2"
                fill-opacity="1"
                fill-rule="evenodd"
                stroke="white"
                stroke-linecap="round"
                stroke-linejoin="round"
                stroke-opacity="1"
                stroke-width="2"
              />
              <path
                class="leaflet-interactive"
                d="M0 0"
                fill="#e2e2e2"
                fill-opacity="1"
                fill-rule="evenodd"
                stroke="white"
                stroke-linecap="round"
                stroke-linejoin="round"
                stroke-opacity="1"
                stroke-width="2"
              />
              <path
                class="leaflet-interactive"
                d="M0 0"
                fill="#e2e2e2"
                fill-opacity="1"
                fill-rule="evenodd"
                stroke="white"
                stroke-linecap="round"
                stroke-linejoin="round"
                stroke-opacity="1"
                stroke-width="2"
              />
              <path
                class="leaflet-interactive"
                d="M0 0"
                fill="#e2e2e2"
                fill-opacity="1"
                fill-rule="evenodd"
                stroke="white"
                stroke-linecap="round"
                stroke-linejoin="round"
                stroke-opacity="1"
                stroke-width="2"
              />
              <path
                class="leaflet-interactive"
                d="M0 0"
                fill="#e2e2e2"
                fill-opacity="1"
                fill-rule="evenodd"
                stroke="white"
                stroke-linecap="round"
                stroke-linejoin="round"
                stroke-opacity="1"
                stroke-width="2"
              />
              <path
                class="leaflet-interactive"
                d="M0 0"
                fill="#e2e2e2"
                fill-opacity="1"
                fill-rule="evenodd"
                stroke="white"
                stroke-linecap="round"
                stroke-linejoin="round"
                stroke-opacity="1"
                stroke-width="2"
              />
              <path
                class="leaflet-interactive"
                d="M0 0"
                fill="#e2e2e2"
                fill-opacity="1"
                fill-rule="evenodd"
                stroke="white"
                stroke-linecap="round"
                stroke-linejoin="round"
                stroke-opacity="1"
                stroke-width="2"
              />
              <path
                class="leaflet-interactive"
                d="M0 0"
                fill="#e2e2e2"
                fill-opacity="1"
                fill-rule="evenodd"
                stroke="white"
                stroke-linecap="round"
                stroke-linejoin="round"
                stroke-opacity="1"
                stroke-width="2"
              />
              <path
                class="leaflet-interactive"
                d="M0 0"
                fill="#e2e2e2"
                fill-opacity="1"
                fill-rule="evenodd"
                stroke="white"
                stroke-linecap="round"
                stroke-linejoin="round"
                stroke-opacity="1"
                stroke-width="2"
              />
              <path
                class="leaflet-interactive"
                d="M0 0"
                fill="#f8bd7a"
                fill-opacity="1"
                fill-rule="evenodd"
                stroke="white"
                stroke-linecap="round"
                stroke-linejoin="round"
                stroke-opacity="1"
                stroke-width="2"
              />
              <path
                class="leaflet-interactive"
                d="M0 0"
                fill="#e2e2e2"
                fill-opacity="1"
                fill-rule="evenodd"
                stroke="white"
                stroke-linecap="round"
                stroke-linejoin="round"
                stroke-opacity="1"
                stroke-width="2"
              />
              <path
                class="leaflet-interactive"
                d="M0 0"
                fill="#e2e2e2"
                fill-opacity="1"
                fill-rule="evenodd"
                stroke="white"
                stroke-linecap="round"
                stroke-linejoin="round"
                stroke-opacity="1"
                stroke-width="2"
              />
              <path
                class="leaflet-interactive"
                d="M0 0"
                fill="#e2e2e2"
                fill-opacity="1"
                fill-rule="evenodd"
                stroke="white"
                stroke-linecap="round"
                stroke-linejoin="round"
                stroke-opacity="1"
                stroke-width="2"
              />
              <path
                class="leaflet-interactive"
                d="M0 0"
                fill="#e2e2e2"
                fill-opacity="1"
                fill-rule="evenodd"
                stroke="white"
                stroke-linecap="round"
                stroke-linejoin="round"
                stroke-opacity="1"
                stroke-width="2"
              />
              <path
                class="leaflet-interactive"
                d="M0 0"
                fill="#e2e2e2"
                fill-opacity="1"
                fill-rule="evenodd"
                stroke="white"
                stroke-linecap="round"
                stroke-linejoin="round"
                stroke-opacity="1"
                stroke-width="2"
              />
              <path
                class="leaflet-interactive"
                d="M0 0"
                fill="#e2e2e2"
                fill-opacity="1"
                fill-rule="evenodd"
                stroke="white"
                stroke-linecap="round"
                stroke-linejoin="round"
                stroke-opacity="1"
                stroke-width="2"
              />
              <path
                class="leaflet-interactive"
                d="M0 0"
                fill="#e2e2e2"
                fill-opacity="1"
                fill-rule="evenodd"
                stroke="white"
                stroke-linecap="round"
                stroke-linejoin="round"
                stroke-opacity="1"
                stroke-width="2"
              />
              <path
                class="leaflet-interactive"
                d="M0 0"
                fill="#e2e2e2"
                fill-opacity="1"
                fill-rule="evenodd"
                stroke="white"
                stroke-linecap="round"
                stroke-linejoin="round"
                stroke-opacity="1"
                stroke-width="2"
              />
              <path
                class="leaflet-interactive"
                d="M0 0"
                fill="#e2e2e2"
                fill-opacity="1"
                fill-rule="evenodd"
                stroke="white"
                stroke-linecap="round"
                stroke-linejoin="round"
                stroke-opacity="1"
                stroke-width="2"
              />
              <path
                class="leaflet-interactive"
                d="M0 0"
                fill="#e2e2e2"
                fill-opacity="1"
                fill-rule="evenodd"
                stroke="white"
                stroke-linecap="round"
                stroke-linejoin="round"
                stroke-opacity="1"
                stroke-width="2"
              />
              <path
                class="leaflet-interactive"
                d="M0 0"
                fill="#e2e2e2"
                fill-opacity="1"
                fill-rule="evenodd"
                stroke="white"
                stroke-linecap="round"
                stroke-linejoin="round"
                stroke-opacity="1"
                stroke-width="2"
              />
              <path
                class="leaflet-interactive"
                d="M0 0"
                fill="#e2e2e2"
                fill-opacity="1"
                fill-rule="evenodd"
                stroke="white"
                stroke-linecap="round"
                stroke-linejoin="round"
                stroke-opacity="1"
                stroke-width="2"
              />
              <path
                class="leaflet-interactive"
                d="M0 0"
                fill="#e2e2e2"
                fill-opacity="1"
                fill-rule="evenodd"
                stroke="white"
                stroke-linecap="round"
                stroke-linejoin="round"
                stroke-opacity="1"
                stroke-width="2"
              />
              <path
                class="leaflet-interactive"
                d="M0 0"
                fill="#e2e2e2"
                fill-opacity="1"
                fill-rule="evenodd"
                stroke="white"
                stroke-linecap="round"
                stroke-linejoin="round"
                stroke-opacity="1"
                stroke-width="2"
              />
              <path
                class="leaflet-interactive"
                d="M0 0"
                fill="#e2e2e2"
                fill-opacity="1"
                fill-rule="evenodd"
                stroke="white"
                stroke-linecap="round"
                stroke-linejoin="round"
                stroke-opacity="1"
                stroke-width="2"
              />
              <path
                class="leaflet-interactive"
                d="M0 0"
                fill="#e2e2e2"
                fill-opacity="1"
                fill-rule="evenodd"
                stroke="white"
                stroke-linecap="round"
                stroke-linejoin="round"
                stroke-opacity="1"
                stroke-width="2"
              />
              <path
                class="leaflet-interactive"
                d="M0 0"
                fill="#e2e2e2"
                fill-opacity="1"
                fill-rule="evenodd"
                stroke="white"
                stroke-linecap="round"
                stroke-linejoin="round"
                stroke-opacity="1"
                stroke-width="2"
              />
              <path
                class="leaflet-interactive"
                d="M0 0"
                fill="#e2e2e2"
                fill-opacity="1"
                fill-rule="evenodd"
                stroke="white"
                stroke-linecap="round"
                stroke-linejoin="round"
                stroke-opacity="1"
                stroke-width="2"
              />
              <path
                class="leaflet-interactive"
                d="M0 0"
                fill="#e2e2e2"
                fill-opacity="1"
                fill-rule="evenodd"
                stroke="white"
                stroke-linecap="round"
                stroke-linejoin="round"
                stroke-opacity="1"
                stroke-width="2"
              />
              <path
                class="leaflet-interactive"
                d="M0 0"
                fill="#e2e2e2"
                fill-opacity="1"
                fill-rule="evenodd"
                stroke="white"
                stroke-linecap="round"
                stroke-linejoin="round"
                stroke-opacity="1"
                stroke-width="2"
              />
              <path
                class="leaflet-interactive"
                d="M0 0"
                fill="#e2e2e2"
                fill-opacity="1"
                fill-rule="evenodd"
                stroke="white"
                stroke-linecap="round"
                stroke-linejoin="round"
                stroke-opacity="1"
                stroke-width="2"
              />
              <path
                class="leaflet-interactive"
                d="M0 0"
                fill="#e2e2e2"
                fill-opacity="1"
                fill-rule="evenodd"
                stroke="white"
                stroke-linecap="round"
                stroke-linejoin="round"
                stroke-opacity="1"
                stroke-width="2"
              />
              <path
                class="leaflet-interactive"
                d="M0 0"
                fill="#e2e2e2"
                fill-opacity="1"
                fill-rule="evenodd"
                stroke="white"
                stroke-linecap="round"
                stroke-linejoin="round"
                stroke-opacity="1"
                stroke-width="2"
              />
              <path
                class="leaflet-interactive"
                d="M0 0"
                fill="#e2e2e2"
                fill-opacity="1"
                fill-rule="evenodd"
                stroke="white"
                stroke-linecap="round"
                stroke-linejoin="round"
                stroke-opacity="1"
                stroke-width="2"
              />
              <path
                class="leaflet-interactive"
                d="M0 0"
                fill="#e2e2e2"
                fill-opacity="1"
                fill-rule="evenodd"
                stroke="white"
                stroke-linecap="round"
                stroke-linejoin="round"
                stroke-opacity="1"
                stroke-width="2"
              />
              <path
                class="leaflet-interactive"
                d="M0 0"
                fill="#e2e2e2"
                fill-opacity="1"
                fill-rule="evenodd"
                stroke="white"
                stroke-linecap="round"
                stroke-linejoin="round"
                stroke-opacity="1"
                stroke-width="2"
              />
              <path
                class="leaflet-interactive"
                d="M0 0"
                fill="#e2e2e2"
                fill-opacity="1"
                fill-rule="evenodd"
                stroke="white"
                stroke-linecap="round"
                stroke-linejoin="round"
                stroke-opacity="1"
                stroke-width="2"
              />
              <path
                class="leaflet-interactive"
                d="M0 0"
                fill="#e2e2e2"
                fill-opacity="1"
                fill-rule="evenodd"
                stroke="white"
                stroke-linecap="round"
                stroke-linejoin="round"
                stroke-opacity="1"
                stroke-width="2"
              />
              <path
                class="leaflet-interactive"
                d="M0 0"
                fill="#e2e2e2"
                fill-opacity="1"
                fill-rule="evenodd"
                stroke="white"
                stroke-linecap="round"
                stroke-linejoin="round"
                stroke-opacity="1"
                stroke-width="2"
              />
              <path
                class="leaflet-interactive"
                d="M0 0"
                fill="#e2e2e2"
                fill-opacity="1"
                fill-rule="evenodd"
                stroke="white"
                stroke-linecap="round"
                stroke-linejoin="round"
                stroke-opacity="1"
                stroke-width="2"
              />
              <path
                class="leaflet-interactive"
                d="M0 0"
                fill="#e2e2e2"
                fill-opacity="1"
                fill-rule="evenodd"
                stroke="white"
                stroke-linecap="round"
                stroke-linejoin="round"
                stroke-opacity="1"
                stroke-width="2"
              />
              <path
                class="leaflet-interactive"
                d="M0 0"
                fill="#e2e2e2"
                fill-opacity="1"
                fill-rule="evenodd"
                stroke="white"
                stroke-linecap="round"
                stroke-linejoin="round"
                stroke-opacity="1"
                stroke-width="2"
              />
              <path
                class="leaflet-interactive"
                d="M0 0"
                fill="#e2e2e2"
                fill-opacity="1"
                fill-rule="evenodd"
                stroke="white"
                stroke-linecap="round"
                stroke-linejoin="round"
                stroke-opacity="1"
                stroke-width="2"
              />
              <path
                class="leaflet-interactive"
                d="M0 0"
                fill="#e2e2e2"
                fill-opacity="1"
                fill-rule="evenodd"
                stroke="white"
                stroke-linecap="round"
                stroke-linejoin="round"
                stroke-opacity="1"
                stroke-width="2"
              />
              <path
                class="leaflet-interactive"
                d="M0 0"
                fill="#e2e2e2"
                fill-opacity="1"
                fill-rule="evenodd"
                stroke="white"
                stroke-linecap="round"
                stroke-linejoin="round"
                stroke-opacity="1"
                stroke-width="2"
              />
              <path
                class="leaflet-interactive"
                d="M0 0"
                fill="#e2e2e2"
                fill-opacity="1"
                fill-rule="evenodd"
                stroke="white"
                stroke-linecap="round"
                stroke-linejoin="round"
                stroke-opacity="1"
                stroke-width="2"
              />
              <path
                class="leaflet-interactive"
                d="M0 0"
                fill="#e2e2e2"
                fill-opacity="1"
                fill-rule="evenodd"
                stroke="white"
                stroke-linecap="round"
                stroke-linejoin="round"
                stroke-opacity="1"
                stroke-width="2"
              />
              <path
                class="leaflet-interactive"
                d="M0 0"
                fill="#f8bd7a"
                fill-opacity="1"
                fill-rule="evenodd"
                stroke="white"
                stroke-linecap="round"
                stroke-linejoin="round"
                stroke-opacity="1"
                stroke-width="2"
              />
              <path
                class="leaflet-interactive"
                d="M0 0"
                fill="#e2e2e2"
                fill-opacity="1"
                fill-rule="evenodd"
                stroke="white"
                stroke-linecap="round"
                stroke-linejoin="round"
                stroke-opacity="1"
                stroke-width="2"
              />
              <path
                class="leaflet-interactive"
                d="M0 0"
                fill="#e2e2e2"
                fill-opacity="1"
                fill-rule="evenodd"
                stroke="white"
                stroke-linecap="round"
                stroke-linejoin="round"
                stroke-opacity="1"
                stroke-width="2"
              />
              <path
                class="leaflet-interactive"
                d="M0 0"
                fill="#e2e2e2"
                fill-opacity="1"
                fill-rule="evenodd"
                stroke="white"
                stroke-linecap="round"
                stroke-linejoin="round"
                stroke-opacity="1"
                stroke-width="2"
              />
              <path
                class="leaflet-interactive"
                d="M0 0"
                fill="#e2e2e2"
                fill-opacity="1"
                fill-rule="evenodd"
                stroke="white"
                stroke-linecap="round"
                stroke-linejoin="round"
                stroke-opacity="1"
                stroke-width="2"
              />
              <path
                class="leaflet-interactive"
                d="M0 0"
                fill="#e2e2e2"
                fill-opacity="1"
                fill-rule="evenodd"
                stroke="white"
                stroke-linecap="round"
                stroke-linejoin="round"
                stroke-opacity="1"
                stroke-width="2"
              />
              <path
                class="leaflet-interactive"
                d="M0 0"
                fill="#e2e2e2"
                fill-opacity="1"
                fill-rule="evenodd"
                stroke="white"
                stroke-linecap="round"
                stroke-linejoin="round"
                stroke-opacity="1"
                stroke-width="2"
              />
              <path
                class="leaflet-interactive"
                d="M0 0"
                fill="#e2e2e2"
                fill-opacity="1"
                fill-rule="evenodd"
                stroke="white"
                stroke-linecap="round"
                stroke-linejoin="round"
                stroke-opacity="1"
                stroke-width="2"
              />
              <path
                class="leaflet-interactive"
                d="M0 0"
                fill="#e2e2e2"
                fill-opacity="1"
                fill-rule="evenodd"
                stroke="white"
                stroke-linecap="round"
                stroke-linejoin="round"
                stroke-opacity="1"
                stroke-width="2"
              />
              <path
                class="leaflet-interactive"
                d="M0 0"
                fill="#e2e2e2"
                fill-opacity="1"
                fill-rule="evenodd"
                stroke="white"
                stroke-linecap="round"
                stroke-linejoin="round"
                stroke-opacity="1"
                stroke-width="2"
              />
              <path
                class="leaflet-interactive"
                d="M0 0"
                fill="#e2e2e2"
                fill-opacity="1"
                fill-rule="evenodd"
                stroke="white"
                stroke-linecap="round"
                stroke-linejoin="round"
                stroke-opacity="1"
                stroke-width="2"
              />
              <path
                class="leaflet-interactive"
                d="M0 0"
                fill="#e2e2e2"
                fill-opacity="1"
                fill-rule="evenodd"
                stroke="white"
                stroke-linecap="round"
                stroke-linejoin="round"
                stroke-opacity="1"
                stroke-width="2"
              />
              <path
                class="leaflet-interactive"
                d="M0 0"
                fill="#e2e2e2"
                fill-opacity="1"
                fill-rule="evenodd"
                stroke="white"
                stroke-linecap="round"
                stroke-linejoin="round"
                stroke-opacity="1"
                stroke-width="2"
              />
              <path
                class="leaflet-interactive"
                d="M0 0"
                fill="#e2e2e2"
                fill-opacity="1"
                fill-rule="evenodd"
                stroke="white"
                stroke-linecap="round"
                stroke-linejoin="round"
                stroke-opacity="1"
                stroke-width="2"
              />
              <path
                class="leaflet-interactive"
                d="M0 0"
                fill="#e2e2e2"
                fill-opacity="1"
                fill-rule="evenodd"
                stroke="white"
                stroke-linecap="round"
                stroke-linejoin="round"
                stroke-opacity="1"
                stroke-width="2"
              />
              <path
                class="leaflet-interactive"
                d="M0 0"
                fill="#e2e2e2"
                fill-opacity="1"
                fill-rule="evenodd"
                stroke="white"
                stroke-linecap="round"
                stroke-linejoin="round"
                stroke-opacity="1"
                stroke-width="2"
              />
              <path
                class="leaflet-interactive"
                d="M0 0"
                fill="#e2e2e2"
                fill-opacity="1"
                fill-rule="evenodd"
                stroke="white"
                stroke-linecap="round"
                stroke-linejoin="round"
                stroke-opacity="1"
                stroke-width="2"
              />
              <path
                class="leaflet-interactive"
                d="M0 0"
                fill="#e2e2e2"
                fill-opacity="1"
                fill-rule="evenodd"
                stroke="white"
                stroke-linecap="round"
                stroke-linejoin="round"
                stroke-opacity="1"
                stroke-width="2"
              />
              <path
                class="leaflet-interactive"
                d="M0 0"
                fill="#e2e2e2"
                fill-opacity="1"
                fill-rule="evenodd"
                stroke="white"
                stroke-linecap="round"
                stroke-linejoin="round"
                stroke-opacity="1"
                stroke-width="2"
              />
              <path
                class="leaflet-interactive"
                d="M0 0"
                fill="#e2e2e2"
                fill-opacity="1"
                fill-rule="evenodd"
                stroke="white"
                stroke-linecap="round"
                stroke-linejoin="round"
                stroke-opacity="1"
                stroke-width="2"
              />
              <path
                class="leaflet-interactive"
                d="M0 0"
                fill="#e2e2e2"
                fill-opacity="1"
                fill-rule="evenodd"
                stroke="white"
                stroke-linecap="round"
                stroke-linejoin="round"
                stroke-opacity="1"
                stroke-width="2"
              />
              <path
                class="leaflet-interactive"
                d="M0 0"
                fill="#e2e2e2"
                fill-opacity="1"
                fill-rule="evenodd"
                stroke="white"
                stroke-linecap="round"
                stroke-linejoin="round"
                stroke-opacity="1"
                stroke-width="2"
              />
              <path
                class="leaflet-interactive"
                d="M0 0"
                fill="#e2e2e2"
                fill-opacity="1"
                fill-rule="evenodd"
                stroke="white"
                stroke-linecap="round"
                stroke-linejoin="round"
                stroke-opacity="1"
                stroke-width="2"
              />
              <path
                class="leaflet-interactive"
                d="M0 0"
                fill="#e2e2e2"
                fill-opacity="1"
                fill-rule="evenodd"
                stroke="white"
                stroke-linecap="round"
                stroke-linejoin="round"
                stroke-opacity="1"
                stroke-width="2"
              />
              <path
                class="leaflet-interactive"
                d="M0 0"
                fill="#e2e2e2"
                fill-opacity="1"
                fill-rule="evenodd"
                stroke="white"
                stroke-linecap="round"
                stroke-linejoin="round"
                stroke-opacity="1"
                stroke-width="2"
              />
              <path
                class="leaflet-interactive"
                d="M0 0"
                fill="#e2e2e2"
                fill-opacity="1"
                fill-rule="evenodd"
                stroke="white"
                stroke-linecap="round"
                stroke-linejoin="round"
                stroke-opacity="1"
                stroke-width="2"
              />
              <path
                class="leaflet-interactive"
                d="M0 0"
                fill="#e2e2e2"
                fill-opacity="1"
                fill-rule="evenodd"
                stroke="white"
                stroke-linecap="round"
                stroke-linejoin="round"
                stroke-opacity="1"
                stroke-width="2"
              />
              <path
                class="leaflet-interactive"
                d="M0 0"
                fill="#e2e2e2"
                fill-opacity="1"
                fill-rule="evenodd"
                stroke="white"
                stroke-linecap="round"
                stroke-linejoin="round"
                stroke-opacity="1"
                stroke-width="2"
              />
              <path
                class="leaflet-interactive"
                d="M0 0"
                fill="#e2e2e2"
                fill-opacity="1"
                fill-rule="evenodd"
                stroke="white"
                stroke-linecap="round"
                stroke-linejoin="round"
                stroke-opacity="1"
                stroke-width="2"
              />
              <path
                class="leaflet-interactive"
                d="M0 0"
                fill="#e2e2e2"
                fill-opacity="1"
                fill-rule="evenodd"
                stroke="white"
                stroke-linecap="round"
                stroke-linejoin="round"
                stroke-opacity="1"
                stroke-width="2"
              />
              <path
                class="leaflet-interactive"
                d="M0 0"
                fill="#e2e2e2"
                fill-opacity="1"
                fill-rule="evenodd"
                stroke="white"
                stroke-linecap="round"
                stroke-linejoin="round"
                stroke-opacity="1"
                stroke-width="2"
              />
              <path
                class="leaflet-interactive"
                d="M0 0"
                fill="#e2e2e2"
                fill-opacity="1"
                fill-rule="evenodd"
                stroke="white"
                stroke-linecap="round"
                stroke-linejoin="round"
                stroke-opacity="1"
                stroke-width="2"
              />
              <path
                class="leaflet-interactive"
                d="M0 0"
                fill="#e2e2e2"
                fill-opacity="1"
                fill-rule="evenodd"
                stroke="white"
                stroke-linecap="round"
                stroke-linejoin="round"
                stroke-opacity="1"
                stroke-width="2"
              />
              <path
                class="leaflet-interactive"
                d="M0 0"
                fill="#e2e2e2"
                fill-opacity="1"
                fill-rule="evenodd"
                stroke="white"
                stroke-linecap="round"
                stroke-linejoin="round"
                stroke-opacity="1"
                stroke-width="2"
              />
              <path
                class="leaflet-interactive"
                d="M0 0"
                fill="#e2e2e2"
                fill-opacity="1"
                fill-rule="evenodd"
                stroke="white"
                stroke-linecap="round"
                stroke-linejoin="round"
                stroke-opacity="1"
                stroke-width="2"
              />
              <path
                class="leaflet-interactive"
                d="M0 0"
                fill="#e2e2e2"
                fill-opacity="1"
                fill-rule="evenodd"
                stroke="white"
                stroke-linecap="round"
                stroke-linejoin="round"
                stroke-opacity="1"
                stroke-width="2"
              />
              <path
                class="leaflet-interactive"
                d="M0 0"
                fill="#e2e2e2"
                fill-opacity="1"
                fill-rule="evenodd"
                stroke="white"
                stroke-linecap="round"
                stroke-linejoin="round"
                stroke-opacity="1"
                stroke-width="2"
              />
              <path
                class="leaflet-interactive"
                d="M0 0"
                fill="#e2e2e2"
                fill-opacity="1"
                fill-rule="evenodd"
                stroke="white"
                stroke-linecap="round"
                stroke-linejoin="round"
                stroke-opacity="1"
                stroke-width="2"
              />
              <path
                class="leaflet-interactive"
                d="M-2 2L-2 -2L2 -2L2 2z"
                fill="#e2e2e2"
                fill-opacity="1"
                fill-rule="evenodd"
                stroke="white"
                stroke-linecap="round"
                stroke-linejoin="round"
                stroke-opacity="1"
                stroke-width="2"
              />
              <path
                class="leaflet-interactive"
                d="M0 0"
                fill="#e2e2e2"
                fill-opacity="1"
                fill-rule="evenodd"
                stroke="white"
                stroke-linecap="round"
                stroke-linejoin="round"
                stroke-opacity="1"
                stroke-width="2"
              />
              <path
                class="leaflet-interactive"
                d="M0 0"
                fill="#e2e2e2"
                fill-opacity="1"
                fill-rule="evenodd"
                stroke="white"
                stroke-linecap="round"
                stroke-linejoin="round"
                stroke-opacity="1"
                stroke-width="2"
              />
              <path
                class="leaflet-interactive"
                d="M0 0"
                fill="#e2e2e2"
                fill-opacity="1"
                fill-rule="evenodd"
                stroke="white"
                stroke-linecap="round"
                stroke-linejoin="round"
                stroke-opacity="1"
                stroke-width="2"
              />
              <path
                class="leaflet-interactive"
                d="M0 0"
                fill="#e2e2e2"
                fill-opacity="1"
                fill-rule="evenodd"
                stroke="white"
                stroke-linecap="round"
                stroke-linejoin="round"
                stroke-opacity="1"
                stroke-width="2"
              />
              <path
                class="leaflet-interactive"
                d="M0 0"
                fill="#e2e2e2"
                fill-opacity="1"
                fill-rule="evenodd"
                stroke="white"
                stroke-linecap="round"
                stroke-linejoin="round"
                stroke-opacity="1"
                stroke-width="2"
              />
              <path
                class="leaflet-interactive"
                d="M0 0"
                fill="#e2e2e2"
                fill-opacity="1"
                fill-rule="evenodd"
                stroke="white"
                stroke-linecap="round"
                stroke-linejoin="round"
                stroke-opacity="1"
                stroke-width="2"
              />
              <path
                class="leaflet-interactive"
                d="M0 0"
                fill="#e2e2e2"
                fill-opacity="1"
                fill-rule="evenodd"
                stroke="white"
                stroke-linecap="round"
                stroke-linejoin="round"
                stroke-opacity="1"
                stroke-width="2"
              />
              <path
                class="leaflet-interactive"
                d="M0 0"
                fill="#e2e2e2"
                fill-opacity="1"
                fill-rule="evenodd"
                stroke="white"
                stroke-linecap="round"
                stroke-linejoin="round"
                stroke-opacity="1"
                stroke-width="2"
              />
              <path
                class="leaflet-interactive"
                d="M0 0"
                fill="#e2e2e2"
                fill-opacity="1"
                fill-rule="evenodd"
                stroke="white"
                stroke-linecap="round"
                stroke-linejoin="round"
                stroke-opacity="1"
                stroke-width="2"
              />
              <path
                class="leaflet-interactive"
                d="M0 0"
                fill="#e2e2e2"
                fill-opacity="1"
                fill-rule="evenodd"
                stroke="white"
                stroke-linecap="round"
                stroke-linejoin="round"
                stroke-opacity="1"
                stroke-width="2"
              />
              <path
                class="leaflet-interactive"
                d="M0 0"
                fill="#e2e2e2"
                fill-opacity="1"
                fill-rule="evenodd"
                stroke="white"
                stroke-linecap="round"
                stroke-linejoin="round"
                stroke-opacity="1"
                stroke-width="2"
              />
              <path
                class="leaflet-interactive"
                d="M0 0"
                fill="#e2e2e2"
                fill-opacity="1"
                fill-rule="evenodd"
                stroke="white"
                stroke-linecap="round"
                stroke-linejoin="round"
                stroke-opacity="1"
                stroke-width="2"
              />
              <path
                class="leaflet-interactive"
                d="M0 0"
                fill="#e2e2e2"
                fill-opacity="1"
                fill-rule="evenodd"
                stroke="white"
                stroke-linecap="round"
                stroke-linejoin="round"
                stroke-opacity="1"
                stroke-width="2"
              />
              <path
                class="leaflet-interactive"
                d="M0 0"
                fill="#e2e2e2"
                fill-opacity="1"
                fill-rule="evenodd"
                stroke="white"
                stroke-linecap="round"
                stroke-linejoin="round"
                stroke-opacity="1"
                stroke-width="2"
              />
              <path
                class="leaflet-interactive"
                d="M0 0"
                fill="#e2e2e2"
                fill-opacity="1"
                fill-rule="evenodd"
                stroke="white"
                stroke-linecap="round"
                stroke-linejoin="round"
                stroke-opacity="1"
                stroke-width="2"
              />
              <path
                class="leaflet-interactive"
                d="M0 0"
                fill="#e2e2e2"
                fill-opacity="1"
                fill-rule="evenodd"
                stroke="white"
                stroke-linecap="round"
                stroke-linejoin="round"
                stroke-opacity="1"
                stroke-width="2"
              />
              <path
                class="leaflet-interactive"
                d="M0 0"
                fill="#e2e2e2"
                fill-opacity="1"
                fill-rule="evenodd"
                stroke="white"
                stroke-linecap="round"
                stroke-linejoin="round"
                stroke-opacity="1"
                stroke-width="2"
              />
              <path
                class="leaflet-interactive"
                d="M0 0"
                fill="#e2e2e2"
                fill-opacity="1"
                fill-rule="evenodd"
                stroke="white"
                stroke-linecap="round"
                stroke-linejoin="round"
                stroke-opacity="1"
                stroke-width="2"
              />
              <path
                class="leaflet-interactive"
                d="M0 0"
                fill="#e2e2e2"
                fill-opacity="1"
                fill-rule="evenodd"
                stroke="white"
                stroke-linecap="round"
                stroke-linejoin="round"
                stroke-opacity="1"
                stroke-width="2"
              />
              <path
                class="leaflet-interactive"
                d="M0 0"
                fill="#e2e2e2"
                fill-opacity="1"
                fill-rule="evenodd"
                stroke="white"
                stroke-linecap="round"
                stroke-linejoin="round"
                stroke-opacity="1"
                stroke-width="2"
              />
              <path
                class="leaflet-interactive"
                d="M0 0"
                fill="#e2e2e2"
                fill-opacity="1"
                fill-rule="evenodd"
                stroke="white"
                stroke-linecap="round"
                stroke-linejoin="round"
                stroke-opacity="1"
                stroke-width="2"
              />
              <path
                class="leaflet-interactive"
                d="M0 0"
                fill="#e2e2e2"
                fill-opacity="1"
                fill-rule="evenodd"
                stroke="white"
                stroke-linecap="round"
                stroke-linejoin="round"
                stroke-opacity="1"
                stroke-width="2"
              />
              <path
                class="leaflet-interactive"
                d="M0 0"
                fill="#e2e2e2"
                fill-opacity="1"
                fill-rule="evenodd"
                stroke="white"
                stroke-linecap="round"
                stroke-linejoin="round"
                stroke-opacity="1"
                stroke-width="2"
              />
              <path
                class="leaflet-interactive"
                d="M0 0"
                fill="#e2e2e2"
                fill-opacity="1"
                fill-rule="evenodd"
                stroke="white"
                stroke-linecap="round"
                stroke-linejoin="round"
                stroke-opacity="1"
                stroke-width="2"
              />
              <path
                class="leaflet-interactive"
                d="M0 0"
                fill="#e2e2e2"
                fill-opacity="1"
                fill-rule="evenodd"
                stroke="white"
                stroke-linecap="round"
                stroke-linejoin="round"
                stroke-opacity="1"
                stroke-width="2"
              />
              <path
                class="leaflet-interactive"
                d="M0 0"
                fill="#e2e2e2"
                fill-opacity="1"
                fill-rule="evenodd"
                stroke="white"
                stroke-linecap="round"
                stroke-linejoin="round"
                stroke-opacity="1"
                stroke-width="2"
              />
              <path
                class="leaflet-interactive"
                d="M0 0"
                fill="#e2e2e2"
                fill-opacity="1"
                fill-rule="evenodd"
                stroke="white"
                stroke-linecap="round"
                stroke-linejoin="round"
                stroke-opacity="1"
                stroke-width="2"
              />
              <path
                class="leaflet-interactive"
                d="M0 0"
                fill="#e2e2e2"
                fill-opacity="1"
                fill-rule="evenodd"
                stroke="white"
                stroke-linecap="round"
                stroke-linejoin="round"
                stroke-opacity="1"
                stroke-width="2"
              />
              <path
                class="leaflet-interactive"
                d="M0 0"
                fill="#e2e2e2"
                fill-opacity="1"
                fill-rule="evenodd"
                stroke="white"
                stroke-linecap="round"
                stroke-linejoin="round"
                stroke-opacity="1"
                stroke-width="2"
              />
              <path
                class="leaflet-interactive"
                d="M0 0"
                fill="#e2e2e2"
                fill-opacity="1"
                fill-rule="evenodd"
                stroke="white"
                stroke-linecap="round"
                stroke-linejoin="round"
                stroke-opacity="1"
                stroke-width="2"
              />
              <path
                class="leaflet-interactive"
                d="M0 0"
                fill="#e2e2e2"
                fill-opacity="1"
                fill-rule="evenodd"
                stroke="white"
                stroke-linecap="round"
                stroke-linejoin="round"
                stroke-opacity="1"
                stroke-width="2"
              />
              <path
                class="leaflet-interactive"
                d="M0 0"
                fill="#e2e2e2"
                fill-opacity="1"
                fill-rule="evenodd"
                stroke="white"
                stroke-linecap="round"
                stroke-linejoin="round"
                stroke-opacity="1"
                stroke-width="2"
              />
              <path
                class="leaflet-interactive"
                d="M0 0"
                fill="#e2e2e2"
                fill-opacity="1"
                fill-rule="evenodd"
                stroke="white"
                stroke-linecap="round"
                stroke-linejoin="round"
                stroke-opacity="1"
                stroke-width="2"
              />
              <path
                class="leaflet-interactive"
                d="M0 0"
                fill="#e2e2e2"
                fill-opacity="1"
                fill-rule="evenodd"
                stroke="white"
                stroke-linecap="round"
                stroke-linejoin="round"
                stroke-opacity="1"
                stroke-width="2"
              />
              <path
                class="leaflet-interactive"
                d="M0 0"
                fill="#e2e2e2"
                fill-opacity="1"
                fill-rule="evenodd"
                stroke="white"
                stroke-linecap="round"
                stroke-linejoin="round"
                stroke-opacity="1"
                stroke-width="2"
              />
              <path
                class="leaflet-interactive"
                d="M0 0"
                fill="#e2e2e2"
                fill-opacity="1"
                fill-rule="evenodd"
                stroke="white"
                stroke-linecap="round"
                stroke-linejoin="round"
                stroke-opacity="1"
                stroke-width="2"
              />
              <path
                class="leaflet-interactive"
                d="M0 0"
                fill="#e2e2e2"
                fill-opacity="1"
                fill-rule="evenodd"
                stroke="white"
                stroke-linecap="round"
                stroke-linejoin="round"
                stroke-opacity="1"
                stroke-width="2"
              />
              <path
                class="leaflet-interactive"
                d="M0 0"
                fill="#e2e2e2"
                fill-opacity="1"
                fill-rule="evenodd"
                stroke="white"
                stroke-linecap="round"
                stroke-linejoin="round"
                stroke-opacity="1"
                stroke-width="2"
              />
              <path
                class="leaflet-interactive"
                d="M0 0"
                fill="#e2e2e2"
                fill-opacity="1"
                fill-rule="evenodd"
                stroke="white"
                stroke-linecap="round"
                stroke-linejoin="round"
                stroke-opacity="1"
                stroke-width="2"
              />
              <path
                class="leaflet-interactive"
                d="M0 0"
                fill="#e2e2e2"
                fill-opacity="1"
                fill-rule="evenodd"
                stroke="white"
                stroke-linecap="round"
                stroke-linejoin="round"
                stroke-opacity="1"
                stroke-width="2"
              />
              <path
                class="leaflet-interactive"
                d="M0 0"
                fill="#e2e2e2"
                fill-opacity="1"
                fill-rule="evenodd"
                stroke="white"
                stroke-linecap="round"
                stroke-linejoin="round"
                stroke-opacity="1"
                stroke-width="2"
              />
              <path
                class="leaflet-interactive"
                d="M0 0"
                fill="#e2e2e2"
                fill-opacity="1"
                fill-rule="evenodd"
                stroke="white"
                stroke-linecap="round"
                stroke-linejoin="round"
                stroke-opacity="1"
                stroke-width="2"
              />
              <path
                class="leaflet-interactive"
                d="M0 0"
                fill="#e2e2e2"
                fill-opacity="1"
                fill-rule="evenodd"
                stroke="white"
                stroke-linecap="round"
                stroke-linejoin="round"
                stroke-opacity="1"
                stroke-width="2"
              />
              <path
                class="leaflet-interactive"
                d="M0 0"
                fill="#e2e2e2"
                fill-opacity="1"
                fill-rule="evenodd"
                stroke="white"
                stroke-linecap="round"
                stroke-linejoin="round"
                stroke-opacity="1"
                stroke-width="2"
              />
              <path
                class="leaflet-interactive"
                d="M0 0"
                fill="#e2e2e2"
                fill-opacity="1"
                fill-rule="evenodd"
                stroke="white"
                stroke-linecap="round"
                stroke-linejoin="round"
                stroke-opacity="1"
                stroke-width="2"
              />
              <path
                class="leaflet-interactive"
                d="M0 0"
                fill="#e2e2e2"
                fill-opacity="1"
                fill-rule="evenodd"
                stroke="white"
                stroke-linecap="round"
                stroke-linejoin="round"
                stroke-opacity="1"
                stroke-width="2"
              />
              <path
                class="leaflet-interactive"
                d="M0 0"
                fill="#e2e2e2"
                fill-opacity="1"
                fill-rule="evenodd"
                stroke="white"
                stroke-linecap="round"
                stroke-linejoin="round"
                stroke-opacity="1"
                stroke-width="2"
              />
              <path
                class="leaflet-interactive"
                d="M0 0"
                fill="#e2e2e2"
                fill-opacity="1"
                fill-rule="evenodd"
                stroke="white"
                stroke-linecap="round"
                stroke-linejoin="round"
                stroke-opacity="1"
                stroke-width="2"
              />
              <path
                class="leaflet-interactive"
                d="M0 0"
                fill="#e2e2e2"
                fill-opacity="1"
                fill-rule="evenodd"
                stroke="white"
                stroke-linecap="round"
                stroke-linejoin="round"
                stroke-opacity="1"
                stroke-width="2"
              />
              <path
                class="leaflet-interactive"
                d="M0 0"
                fill="#e2e2e2"
                fill-opacity="1"
                fill-rule="evenodd"
                stroke="white"
                stroke-linecap="round"
                stroke-linejoin="round"
                stroke-opacity="1"
                stroke-width="2"
              />
              <path
                class="leaflet-interactive"
                d="M0 0"
                fill="#e2e2e2"
                fill-opacity="1"
                fill-rule="evenodd"
                stroke="white"
                stroke-linecap="round"
                stroke-linejoin="round"
                stroke-opacity="1"
                stroke-width="2"
              />
              <path
                class="leaflet-interactive"
                d="M0 0"
                fill="#e2e2e2"
                fill-opacity="1"
                fill-rule="evenodd"
                stroke="white"
                stroke-linecap="round"
                stroke-linejoin="round"
                stroke-opacity="1"
                stroke-width="2"
              />
              <path
                class="leaflet-interactive"
                d="M0 0"
                fill="#e2e2e2"
                fill-opacity="1"
                fill-rule="evenodd"
                stroke="white"
                stroke-linecap="round"
                stroke-linejoin="round"
                stroke-opacity="1"
                stroke-width="2"
              />
              <path
                class="leaflet-interactive"
                d="M0 0"
                fill="#e2e2e2"
                fill-opacity="1"
                fill-rule="evenodd"
                stroke="white"
                stroke-linecap="round"
                stroke-linejoin="round"
                stroke-opacity="1"
                stroke-width="2"
              />
              <path
                class="leaflet-interactive"
                d="M0 0"
                fill="#e2e2e2"
                fill-opacity="1"
                fill-rule="evenodd"
                stroke="white"
                stroke-linecap="round"
                stroke-linejoin="round"
                stroke-opacity="1"
                stroke-width="2"
              />
              <path
                class="leaflet-interactive"
                d="M0 0"
                fill="#e2e2e2"
                fill-opacity="1"
                fill-rule="evenodd"
                stroke="white"
                stroke-linecap="round"
                stroke-linejoin="round"
                stroke-opacity="1"
                stroke-width="2"
              />
              <path
                class="leaflet-interactive"
                d="M0 0"
                fill="#e2e2e2"
                fill-opacity="1"
                fill-rule="evenodd"
                stroke="white"
                stroke-linecap="round"
                stroke-linejoin="round"
                stroke-opacity="1"
                stroke-width="2"
              />
              <path
                class="leaflet-interactive"
                d="M0 0"
                fill="#e2e2e2"
                fill-opacity="1"
                fill-rule="evenodd"
                stroke="white"
                stroke-linecap="round"
                stroke-linejoin="round"
                stroke-opacity="1"
                stroke-width="2"
              />
              <path
                class="leaflet-interactive"
                d="M0 0"
                fill="#e2e2e2"
                fill-opacity="1"
                fill-rule="evenodd"
                stroke="white"
                stroke-linecap="round"
                stroke-linejoin="round"
                stroke-opacity="1"
                stroke-width="2"
              />
              <path
                class="leaflet-interactive"
                d="M0 0"
                fill="#e2e2e2"
                fill-opacity="1"
                fill-rule="evenodd"
                stroke="white"
                stroke-linecap="round"
                stroke-linejoin="round"
                stroke-opacity="1"
                stroke-width="2"
              />
              <path
                class="leaflet-interactive"
                d="M0 0"
                fill="#e2e2e2"
                fill-opacity="1"
                fill-rule="evenodd"
                stroke="white"
                stroke-linecap="round"
                stroke-linejoin="round"
                stroke-opacity="1"
                stroke-width="2"
              />
              <path
                class="leaflet-interactive"
                d="M0 0"
                fill="#e2e2e2"
                fill-opacity="1"
                fill-rule="evenodd"
                stroke="white"
                stroke-linecap="round"
                stroke-linejoin="round"
                stroke-opacity="1"
                stroke-width="2"
              />
              <path
                class="leaflet-interactive"
                d="M0 0"
                fill="#e2e2e2"
                fill-opacity="1"
                fill-rule="evenodd"
                stroke="white"
                stroke-linecap="round"
                stroke-linejoin="round"
                stroke-opacity="1"
                stroke-width="2"
              />
            </g>
          </svg>
        </div>
        <div
          class="leaflet-pane leaflet-shadow-pane"
        />
        <div
          class="leaflet-pane leaflet-marker-pane"
        />
        <div
          class="leaflet-pane leaflet-tooltip-pane"
        />
        <div
          class="leaflet-pane leaflet-popup-pane"
        />
      </div>
      <div
        class="leaflet-control-container"
      >
        <div
          class="leaflet-top leaflet-left"
        >
          <div
            class="leaflet-control-zoom leaflet-bar leaflet-control"
          >
            <a
              aria-disabled="true"
              aria-label="Zoom in"
              class="leaflet-control-zoom-in leaflet-disabled"
              href="#"
              role="button"
              title="Zoom in"
            >
              <span
                aria-hidden="true"
              >
                +
              </span>
            </a>
            <a
              aria-disabled="false"
              aria-label="Zoom out"
              class="leaflet-control-zoom-out"
              href="#"
              role="button"
              title="Zoom out"
            >
              <span
                aria-hidden="true"
              >
                −
              </span>
            </a>
          </div>
        </div>
        <div
          class="leaflet-top leaflet-right"
        />
        <div
          class="leaflet-bottom leaflet-left"
        />
        <div
          class="leaflet-bottom leaflet-right"
        >
          <div
            class="leaflet-control-attribution leaflet-control"
          >
            <a
              href="https://leafletjs.com"
              title="A JavaScript library for interactive maps"
            >
              <svg
                aria-hidden="true"
                class="leaflet-attribution-flag"
                height="8"
                viewBox="0 0 12 8"
                width="12"
                xmlns="http://www.w3.org/2000/svg"
              >
                <path
                  d="M0 0h12v4H0z"
                  fill="#4C7BE1"
                />
                <path
                  d="M0 4h12v3H0z"
                  fill="#FFD500"
                />
                <path
                  d="M0 7h12v1H0z"
                  fill="#E0BC00"
                />
              </svg>
               Leaflet
            </a>
          </div>
        </div>
      </div>
    </div>
  </div>
</div>
`;
